
> majelishub@0.0.0 build
> next build

▲ Next.js 16.3.6 (Turbopack)
✓ Running next.config.ts took 229ms
Attention: Next.js now collects completely anonymous telemetry regarding usage.
This information is used to shape Next.js' roadmap and prioritize features.
You can learn more, including how to opt-out if you'd not like to participate in this anonymous program, by visiting the following URL:
https://nextjs.org/telemetry


  Creating an optimized production build ...
✓ Compiled successfully in 85s
  Running TypeScript ...
  Finished TypeScript in 47s ...
  Collecting page data using 3 workers ...
  Generating static pages using 3 workers (0/2) ...
✓ Generating static pages using 3 workers (2/2) in 460ms
  Finalizing page optimization ...

Route (app)
┌ ƒ /
├ ○ /_not-found
├ ƒ /anggota
├ ƒ /api/auth/[...all]
├ ƒ /api/majelishub/organizations
├ ƒ /api/majelishub/organizations/[orgId]/events
├ ƒ /api/majelishub/organizations/[orgId]/events/[eventId]
├ ƒ /api/majelishub/organizations/[orgId]/mosques
├ ƒ /api/v1/audio-assets/[assetId]/url
├ ƒ /api/v1/checkin/manual
├ ƒ /api/v1/checkin/validate
├ ƒ /api/v1/checkin/walk-in
├ ƒ /api/v1/events
├ ƒ /api/v1/events/[eventId]
├ ƒ /api/v1/events/[eventId]/attendance/[attendanceId]/corrections
├ ƒ /api/v1/events/[eventId]/checkin/context
├ ƒ /api/v1/events/[eventId]/checkin/summary
├ ƒ /api/v1/events/[eventId]/exports/attendance
├ ƒ /api/v1/events/[eventId]/registrations
├ ƒ /api/v1/events/[eventId]/registrations/search
├ ƒ /api/v1/health
├ ƒ /api/v1/recording-sessions/[sessionId]/processing
├ ƒ /api/v1/recordings
├ ƒ /api/v1/recordings/[sessionId]/chunks
├ ƒ /api/v1/recordings/[sessionId]/complete
├ ƒ /api/v1/recordings/[sessionId]/state
├ ƒ /api/v1/transcription
├ ƒ /api/v1/transcription-jobs/[jobId]
├ ƒ /api/v1/transcripts/[transcriptId]
├ ƒ /api/v1/transcripts/[transcriptId]/approval
├ ƒ /api/v1/transcripts/[transcriptId]/publication
├ ƒ /api/v1/transcripts/[transcriptId]/revisions
├ ƒ /api/v1/webhooks/transcription/[providerId]
├ ƒ /audit
├ ƒ /daftar/[eventId]
├ ƒ /daftar/[eventId]/hasil
├ ƒ /dasbor
├ ƒ /kajian
├ ƒ /kajian-baru
├ ƒ /kajian/[slug]
├ ƒ /kajian/[slug]/audio
├ ƒ /kajian/[slug]/check-in
├ ƒ /kajian/[slug]/kehadiran
├ ƒ /kajian/[slug]/konten
├ ƒ /kajian/[slug]/peserta
├ ƒ /kajian/[slug]/rekaman
├ ƒ /kajian/[slug]/transkrip
├ ƒ /kajian/[slug]/transkrip/tinjau
├ ƒ /kajian/[slug]/ubah
├ ƒ /kajian/[slug]/umpan-balik
├ ƒ /masjid
├ ƒ /masjid-saya
├ ƒ /masjid-saya/[id]/ruang
├ ƒ /masjid/[slug]
├ ƒ /masjid/[slug]/lokasi
├ ƒ /masuk
├ ƒ /moderasi
├ ƒ /notifikasi
├ ƒ /operasional
├ ƒ /operasional/penyimpanan
├ ƒ /operasional/transkripsi
├ ƒ /pembicara
├ ƒ /pembicara/[id]
├ ƒ /pendaftaran/[token]
├ ƒ /pendaftaran/[token]/batal
├ ƒ /pengaturan
├ ƒ /program
├ ƒ /program/[slug]
├ ƒ /program/kelola
├ ƒ /program/kelola/[id]
├ ƒ /rekaman
├ ƒ /rekaman/[id]
├ ƒ /sesi-saya
├ ƒ /tinjau
├ ƒ /transkrip/[id]
├ ƒ /umpan-balik/[eventId]
├ ƒ /undangan/[token]
├ ƒ /ustadz
├ ƒ /ustadz/[slug]
└ ƒ /verifikasi


○  (Static)   prerendered as static content
ƒ  (Dynamic)  server-rendered on demand

EXIT=0
